// Jest Snapshot v1, https://goo.gl/fbAQLP

exports[`Product Card Component Render successfully 1`] = `
<div>
  <div
    class="md:w-1/2 border-2 rounded-md p-4 relative"
  >
    <div
      class="flex border-b-2 py-2 mb-2"
    >
      <img
        alt="product picture"
        class="max-w-full w-20 h-20 rounded-lg object-center object-cover"
        src="/tony_moly.jpeg"
      />
      <div>
        <h3
          class="title-font font-bold uppercase"
        >
           
           
        </h3>
        <h4
          class="text-md text-gray-700"
        >
           
           
        </h4>
      </div>
    </div>
    <div
      class="flex justify-between items-center mb-2"
    >
      <span
        class="inline-flex"
      />
      <span
        class="text-sm text-gray-400"
      >
        2 hours ago
      </span>
    </div>
    <p
      class="line-clamp-3"
    />
    <button
      class="text-red-400"
      type="button"
    >
      show more
    </button>
    <div
      class="w-10 h-10 mx-auto items-center justify-center mb-4 absolute bottom-0 -mb-8"
    >
      <img
        alt="editor profile"
        class="w-24 h-auto rounded-full object-center object-cover"
        src="https://image.femaledaily.com/dyn/80/images/user-pics/8cfa98979828b03949df998669bcca01.jpg"
      />
      <div
        class="text-black w-40 max-w-full"
      >
        <p>
           
        </p>
      </div>
    </div>
  </div>
</div>
`;
